
> react-kavia@0.1.0 start
> cross-env EDIT_MODE=true webpack serve --config .ve/webpack.config.js --mode development

<i> [webpack-dev-server] Project is running at:
<i> [webpack-dev-server] Loopback: http://localhost:3000/, http://[::1]:3000/
<i> [webpack-dev-server] On Your Network (IPv4): http://172.17.0.2:3000/
<i> [webpack-dev-server] Content not from webpack is served from './public' directory
Injecting EditorRootWrapper import: ../.ve/EditorRootWrapper
asset bundle.js 1.43 MiB [emitted] (name: main)
asset index.html 1.98 KiB [emitted]
runtime modules 27.5 KiB 14 modules
cacheable modules 1.28 MiB
  modules by path ./node_modules/ 1.24 MiB 31 modules
  modules by path ./src/ 26.3 KiB
    modules by path ./src/components/ 14.1 KiB 9 modules
    modules by path ./src/*.css 10.4 KiB 4 modules
    modules by path ./src/*.js 1.82 KiB
      ./src/index.js 530 bytes [built] [code generated]
      ./src/App.js 1.3 KiB [built] [code generated]
  modules by path ./.ve/ 15.1 KiB
    modules by path ./.ve/*.js 10.6 KiB 2 modules
    modules by path ./.ve/*.css 2.93 KiB 2 modules
    ./.ve/EditorOverlay.jsx 1.58 KiB [built] [code generated]
webpack 5.99.9 compiled successfully in 1180 ms
assets by status 1.98 KiB [cached] 1 asset
assets by path *.js 1.45 MiB
  asset bundle.js 1.44 MiB [emitted] (name: main)
  asset main.1c633152758428ac8b79.hot-update.js 10.2 KiB [emitted] [immutable] [hmr] (name: main)
asset main.1c633152758428ac8b79.hot-update.json 28 bytes [emitted] [immutable] [hmr]
Entrypoint main 1.45 MiB = bundle.js 1.44 MiB main.1c633152758428ac8b79.hot-update.js 10.2 KiB
cached modules 1.28 MiB [cached] 50 modules
runtime modules 27.5 KiB 14 modules
javascript modules 4.14 KiB
  ./src/App.js 2.78 KiB [built] [code generated]
  ./src/routes.js 1.36 KiB [built] [code generated]

ERROR in ./src/App.js 8:0-74
Module not found: Error: Can't resolve 'react-router-dom' in '/home/kavia/workspace/code-generation/emoaura-65015-171ed3b0/emoaura_frontend/src'
resolve 'react-router-dom' in '/home/kavia/workspace/code-generation/emoaura-65015-171ed3b0/emoaura_frontend/src'
  Parsed request is a module
  using description file: /home/kavia/workspace/code-generation/emoaura-65015-171ed3b0/emoaura_frontend/package.json (relative path: ./src)
    Field 'browser' doesn't contain a valid alias configuration
    resolve as module
      /home/kavia/workspace/code-generation/emoaura-65015-171ed3b0/emoaura_frontend/src/node_modules doesn't exist or is not a directory
      looking for modules in /home/kavia/workspace/code-generation/emoaura-65015-171ed3b0/emoaura_frontend/node_modules
        single file module
          using description file: /home/kavia/workspace/code-generation/emoaura-65015-171ed3b0/emoaura_frontend/package.json (relative path: ./node_modules/react-router-dom)
            no extension
              Field 'browser' doesn't contain a valid alias configuration
              /home/kavia/workspace/code-generation/emoaura-65015-171ed3b0/emoaura_frontend/node_modules/react-router-dom doesn't exist
            .js
              Field 'browser' doesn't contain a valid alias configuration
              /home/kavia/workspace/code-generation/emoaura-65015-171ed3b0/emoaura_frontend/node_modules/react-router-dom.js doesn't exist
            .jsx
              Field 'browser' doesn't contain a valid alias configuration
              /home/kavia/workspace/code-generation/emoaura-65015-171ed3b0/emoaura_frontend/node_modules/react-router-dom.jsx doesn't exist
        /home/kavia/workspace/code-generation/emoaura-65015-171ed3b0/emoaura_frontend/node_modules/react-router-dom doesn't exist
      /home/kavia/workspace/code-generation/emoaura-65015-171ed3b0/node_modules doesn't exist or is not a directory
      /home/kavia/workspace/code-generation/node_modules doesn't exist or is not a directory
      /home/kavia/workspace/node_modules doesn't exist or is not a directory
      /home/kavia/node_modules doesn't exist or is not a directory
      /home/node_modules doesn't exist or is not a directory
      /node_modules doesn't exist or is not a directory
 @ ./src/index.js 5:0-24 11:32-35

webpack 5.99.9 compiled with 1 error in 99 ms
assets by status 1.44 MiB [cached] 2 assets
cached modules 1.28 MiB (javascript) 27.5 KiB (runtime) [cached] 66 modules

LOG from webpack.FileSystemInfo
<w> Managed item /home/kavia/workspace/code-generation/emoaura-65015-171ed3b0/emoaura_frontend/node_modules/react-router-dom isn't a directory or doesn't contain a package.json (see snapshot.managedPaths option)
+ 13 hidden lines

ERROR in ./src/App.js 8:0-74
Module not found: Error: Can't resolve 'react-router-dom' in '/home/kavia/workspace/code-generation/emoaura-65015-171ed3b0/emoaura_frontend/src'
resolve 'react-router-dom' in '/home/kavia/workspace/code-generation/emoaura-65015-171ed3b0/emoaura_frontend/src'
  Parsed request is a module
  using description file: /home/kavia/workspace/code-generation/emoaura-65015-171ed3b0/emoaura_frontend/package.json (relative path: ./src)
    Field 'browser' doesn't contain a valid alias configuration
    resolve as module
      /home/kavia/workspace/code-generation/emoaura-65015-171ed3b0/emoaura_frontend/src/node_modules doesn't exist or is not a directory
      looking for modules in /home/kavia/workspace/code-generation/emoaura-65015-171ed3b0/emoaura_frontend/node_modules
        single file module
          using description file: /home/kavia/workspace/code-generation/emoaura-65015-171ed3b0/emoaura_frontend/package.json (relative path: ./node_modules/react-router-dom)
            no extension
              Field 'browser' doesn't contain a valid alias configuration
              /home/kavia/workspace/code-generation/emoaura-65015-171ed3b0/emoaura_frontend/node_modules/react-router-dom is not a file
            .js
              Field 'browser' doesn't contain a valid alias configuration
              /home/kavia/workspace/code-generation/emoaura-65015-171ed3b0/emoaura_frontend/node_modules/react-router-dom.js doesn't exist
            .jsx
              Field 'browser' doesn't contain a valid alias configuration
              /home/kavia/workspace/code-generation/emoaura-65015-171ed3b0/emoaura_frontend/node_modules/react-router-dom.jsx doesn't exist
        existing directory /home/kavia/workspace/code-generation/emoaura-65015-171ed3b0/emoaura_frontend/node_modules/react-router-dom
          using description file: /home/kavia/workspace/code-generation/emoaura-65015-171ed3b0/emoaura_frontend/package.json (relative path: ./node_modules/react-router-dom)
            using description file: /home/kavia/workspace/code-generation/emoaura-65015-171ed3b0/emoaura_frontend/package.json (relative path: ./node_modules/react-router-dom)
              no extension
                Field 'browser' doesn't contain a valid alias configuration
                /home/kavia/workspace/code-generation/emoaura-65015-171ed3b0/emoaura_frontend/node_modules/react-router-dom is not a file
              .js
                Field 'browser' doesn't contain a valid alias configuration
                /home/kavia/workspace/code-generation/emoaura-65015-171ed3b0/emoaura_frontend/node_modules/react-router-dom.js doesn't exist
              .jsx
                Field 'browser' doesn't contain a valid alias configuration
                /home/kavia/workspace/code-generation/emoaura-65015-171ed3b0/emoaura_frontend/node_modules/react-router-dom.jsx doesn't exist
              as directory
                existing directory /home/kavia/workspace/code-generation/emoaura-65015-171ed3b0/emoaura_frontend/node_modules/react-router-dom
                  using description file: /home/kavia/workspace/code-generation/emoaura-65015-171ed3b0/emoaura_frontend/package.json (relative path: ./node_modules/react-router-dom)
                    using path: /home/kavia/workspace/code-generation/emoaura-65015-171ed3b0/emoaura_frontend/node_modules/react-router-dom/index
                      using description file: /home/kavia/workspace/code-generation/emoaura-65015-171ed3b0/emoaura_frontend/package.json (relative path: ./node_modules/react-router-dom/index)
                        no extension
                          Field 'browser' doesn't contain a valid alias configuration
                          /home/kavia/workspace/code-generation/emoaura-65015-171ed3b0/emoaura_frontend/node_modules/react-router-dom/index doesn't exist
                        .js
                          Field 'browser' doesn't contain a valid alias configuration
                          /home/kavia/workspace/code-generation/emoaura-65015-171ed3b0/emoaura_frontend/node_modules/react-router-dom/index.js doesn't exist
                        .jsx
                          Field 'browser' doesn't contain a valid alias configuration
                          /home/kavia/workspace/code-generation/emoaura-65015-171ed3b0/emoaura_frontend/node_modules/react-router-dom/index.jsx doesn't exist
      /home/kavia/workspace/code-generation/emoaura-65015-171ed3b0/node_modules doesn't exist or is not a directory
      /home/kavia/workspace/code-generation/node_modules doesn't exist or is not a directory
      /home/kavia/workspace/node_modules doesn't exist or is not a directory
      /home/kavia/node_modules doesn't exist or is not a directory
      /home/node_modules doesn't exist or is not a directory
      /node_modules doesn't exist or is not a directory
 @ ./src/index.js 5:0-24 11:32-35

webpack 5.99.9 compiled with 1 error in 30 ms
assets by status 1.98 KiB [cached] 1 asset
assets by path *.js 2.11 MiB
  asset bundle.js 1.77 MiB [emitted] (name: main)
  asset main.075fb9b5c1e48b768f7a.hot-update.js 350 KiB [emitted] [immutable] [hmr] (name: main)
asset main.075fb9b5c1e48b768f7a.hot-update.json 28 bytes [emitted] [immutable] [hmr]
Entrypoint main 2.11 MiB = bundle.js 1.77 MiB main.075fb9b5c1e48b768f7a.hot-update.js 350 KiB
cached modules 1.28 MiB [cached] 51 modules
runtime modules 28.7 KiB 15 modules
javascript modules 310 KiB
  ./src/App.js 2.78 KiB [code generated]
  ./node_modules/react-router-dom/dist/index.js 55.4 KiB [built] [code generated]
  ./node_modules/react-router/dist/index.js 59.3 KiB [built] [code generated]
  ./node_modules/@remix-run/router/dist/router.js 193 KiB [built] [code generated]
webpack 5.99.9 compiled successfully in 190 ms
Injecting EditorRootWrapper import: ../.ve/EditorRootWrapper
assets by path *.js 1.77 MiB
  asset bundle.js 1.77 MiB [emitted] (name: main)
  asset main.2387299fddc52ab59b60.hot-update.js 854 bytes [emitted] [immutable] [hmr] (name: main)
asset index.html 1.98 KiB [emitted]
asset main.2387299fddc52ab59b60.hot-update.json 28 bytes [emitted] [immutable] [hmr]
Entrypoint main 1.77 MiB = bundle.js 1.77 MiB main.2387299fddc52ab59b60.hot-update.js 854 bytes
cached modules 1.56 MiB [cached] 46 modules
runtime modules 28.7 KiB 15 modules
javascript modules 18.5 KiB
  modules by path ./src/ 6.31 KiB
    modules by path ./src/*.js 4.66 KiB
      ./src/index.js 530 bytes [built]
      + 2 modules
    modules by path ./src/components/*.js 1.65 KiB
      ./src/components/NavBar.js 526 bytes [built]
      ./src/components/StoryBar.js 582 bytes [built]
      ./src/components/Sidebar.js 585 bytes [built]
  modules by path ./.ve/ 12.2 KiB
    ./.ve/EditorRootWrapper.js 2.68 KiB [built]
    ./.ve/EditorOverlay.jsx 1.58 KiB [built]
    ./.ve/SidePanel.js 7.93 KiB [built]
webpack 5.99.9 compiled successfully in 165 ms
